// 同步 ID: 916ef95b @ Sat Jul 25 11:33:44 UTC 2026
// 同步 ID: 0eae3598 @ Sat Jul 25 17:35:33 UTC 2026
// 重构日志: 6ca7e8a2
// 重构日志: bac4f93a
// 同步 ID: f17a3e10 @ Sun Jul 26 14:11:14 UTC 2026
// 重构日志: d3ee68e5
// 同步 ID: e2bdc6f3 @ Tue Jul 28 18:41:10 UTC 2026
// 同步 ID: 8c466189 @ Wed Jul 29 12:28:56 UTC 2026
// 重构日志: 01f9b9ac
// 重构日志: fd784005
// 重构日志: 76470fcc
// 重构日志: bbb9739b
// 同步 ID: e9400822 @ Fri Jul 31 15:54:52 UTC 2026
// 同步 ID: 2106d952 @ Sat Aug  1 00:04:37 UTC 2026
// 重构日志: 7024e96f
// 同步 ID: 6e1978f5 @ Sat Aug  1 07:24:09 UTC 2026
// 同步 ID: 869e2681 @ Sat Aug  1 11:43:40 UTC 2026
// 同步 ID: 33d8013f @ Sat Aug  1 14:37:55 UTC 2026
// 重构日志: 080fd76d
// 重构日志: dc9b8c8c
// 重构日志: 8d6d7f24
// 同步 ID: 5eb4057e @ Tue Aug  4 16:26:05 UTC 2026
// 同步 ID: 3f41475f @ Wed Aug  5 07:17:41 UTC 2026
// 同步 ID: 24042637 @ Wed Aug  5 12:43:40 UTC 2026
// 同步 ID: 991b2078 @ Fri Aug  7 04:41:09 UTC 2026
// 重构日志: 671e1a78
// 重构日志: bfc0e42d
// 重构日志: 9aba5386
// 重构日志: bf15fdea
// 同步 ID: b50a76c1 @ Sat Aug  8 10:09:06 UTC 2026
